Component: Arm Compiler for Embedded 6.24 Tool: armlink [5f371500]

==============================================================================

Section Cross References

    cm0dsasm.o(RESET) refers to cm0dsasm.o(.text) for Reset_Handler


==============================================================================

Image Symbol Table

    Local Symbols

    Symbol Name                              Value     Ov Type        Size  Object(Section)

    cm0dsasm.s                               0x00000000   Number         0  cm0dsasm.o ABSOLUTE
    RESET                                    0x00000000   Section      128  cm0dsasm.o(RESET)
    .text                                    0x00000080   Section      268  cm0dsasm.o(.text)
    lcd_send_byte                            0x0000008d   Thumb Code    34  cm0dsasm.o(.text)
    LCD_init                                 0x000000af   Thumb Code   104  cm0dsasm.o(.text)
    lcd_send_nibble                          0x00000117   Thumb Code    48  cm0dsasm.o(.text)
    lcd_write_string                         0x00000147   Thumb Code    22  cm0dsasm.o(.text)
    Delay                                    0x0000015d   Thumb Code    10  cm0dsasm.o(.text)
    my_string                                0x00000168   Data          10  cm0dsasm.o(.text)

    Global Symbols

    Symbol Name                              Value     Ov Type        Size  Object(Section)

    BuildAttributes$$THM_ISAv3M$S$A:L22$X:L11$S22$IEEE1$~IW$USESV6$~STKCKD$USESV7$~SHL$OSPACE$EBA8$STANDARDLIB$PRES8$EABIv2 0x00000000   Number         0  anon$$obj.o ABSOLUTE
    __Vectors                                0x00000000   Data           4  cm0dsasm.o(RESET)
    Reset_Handler                            0x00000081   Thumb Code    12  cm0dsasm.o(.text)



==============================================================================

Memory Map of the image

  Image Entry point : 0x00000081

  Load Region LR_1 (Base: 0x00000000, Size: 0x0000018c, Max: 0xffffffff, ABSOLUTE)

    Execution Region ER_RO (Exec base: 0x00000000, Load base: 0x00000000, Size: 0x0000018c, Max: 0xffffffff, ABSOLUTE)

    Exec Addr    Load Addr    Size         Type   Attr      Idx    E Section Name        Object

    0x00000000   0x00000000   0x00000080   Data   RO            1    RESET               cm0dsasm.o
    0x00000080   0x00000080   0x0000010c   Code   RO            2  * .text               cm0dsasm.o


    Execution Region ER_RW (Exec base: 0x20000000, Load base: 0x0000018c, Size: 0x00000000, Max: 0xffffffff, ABSOLUTE)

    **** No section assigned to this execution region ****


    Execution Region ER_ZI (Exec base: 0x20000000, Load base: 0x0000018c, Size: 0x00000000, Max: 0xffffffff, ABSOLUTE)

    **** No section assigned to this execution region ****


==============================================================================

Image component sizes


      Code (inc. data)   RO Data    RW Data    ZI Data      Debug   Object Name

       268         38        128          0          0        636   cm0dsasm.o

    ----------------------------------------------------------------------
       268         38        128          0          0        636   Object Totals
         0          0          0          0          0          0   (incl. Generated)
         0          0          0          0          0          0   (incl. Padding)

    ----------------------------------------------------------------------
         0          0          0          0          0          0   Library Totals
         0          0          0          0          0          0   (incl. Padding)

    ----------------------------------------------------------------------

==============================================================================


      Code (inc. data)   RO Data    RW Data    ZI Data      Debug   

       268         38        128          0          0        636   Grand Totals
       268         38        128          0          0        636   ELF Image Totals
       268         38        128          0          0          0   ROM Totals

==============================================================================

    Total RO  Size (Code + RO Data)                  396 (   0.39kB)
    Total RW  Size (RW Data + ZI Data)                 0 (   0.00kB)
    Total ROM Size (Code + RO Data + RW Data)        396 (   0.39kB)

==============================================================================

