#-----------------------------------------------------------
# updatemem v2018.3 (64-bit)
# SW Build 2405991 on Thu Dec  6 23:38:27 MST 2018
# IP Build 2404404 on Fri Dec  7 01:43:56 MST 2018
# Start of session at: Tue Dec 30 10:33:39 2025
# Process ID: 11804
# Current directory: H:/Project_Soc/Hardware/Lab08/Update_Bitstream
# Command line: updatemem.exe -mode batch -source H:/Xilinx/Vivado/2018.3/scripts/updatemem/main.tcl -notrace -tclargs -meminfo bram.mmi -data code.mem -proc my_bram -bit H:/Project_Soc/Hardware/Lab08/Lab08.runs/impl_1/AHBLITE_SYS.bit -out reflash.bit -force -debug
# Log file: H:/Project_Soc/Hardware/Lab08/Update_Bitstream/updatemem.log
# Journal file: H:/Project_Soc/Hardware/Lab08/Update_Bitstream\updatemem.jou
#-----------------------------------------------------------
source H:/Xilinx/Vivado/2018.3/scripts/updatemem/main.tcl -notrace
Command: update_mem -meminfo bram.mmi -data code.mem -proc my_bram -bit H:/Project_Soc/Hardware/Lab08/Lab08.runs/impl_1/AHBLITE_SYS.bit -out reflash.bit -force -debug
Loading bitfile H:/Project_Soc/Hardware/Lab08/Lab08.runs/impl_1/AHBLITE_SYS.bit
Loading data files...
Updating memory content...
Creating bitstream...
Writing bitstream reflash.bit...
0 Infos, 0 Warnings, 0 Critical Warnings and 0 Errors encountered.
update_mem completed successfully
update_mem: Time (s): cpu = 00:00:17 ; elapsed = 00:00:17 . Memory (MB): peak = 546.266 ; gain = 461.383
INFO: [Common 17-206] Exiting updatemem at Tue Dec 30 10:33:55 2025...
