Copyright 1986-2018 Xilinx, Inc. All Rights Reserved.
-----------------------------------------------------------------------------------------------------------------
| Tool Version : Vivado v.2018.3 (win64) Build 2405991 Thu Dec  6 23:38:27 MST 2018
| Date         : Tue Jan  6 10:24:28 2026
| Host         : DESKTOP-CRGUU9O running 64-bit major release  (build 9200)
| Command      : report_utilization -file AHBLITE_SYS_utilization_synth.rpt -pb AHBLITE_SYS_utilization_synth.pb
| Design       : AHBLITE_SYS
| Device       : 7a200tfbg676-2
| Design State : Synthesized
-----------------------------------------------------------------------------------------------------------------

Utilization Design Information

Table of Contents
-----------------
1. Slice Logic
1.1 Summary of Registers by Type
2. Memory
3. DSP
4. IO and GT Specific
5. Clocking
6. Specific Feature
7. Primitives
8. Black Boxes
9. Instantiated Netlists

1. Slice Logic
--------------

+-------------------------+------+-------+-----------+-------+
|        Site Type        | Used | Fixed | Available | Util% |
+-------------------------+------+-------+-----------+-------+
| Slice LUTs*             | 2799 |     0 |    134600 |  2.08 |
|   LUT as Logic          | 2799 |     0 |    134600 |  2.08 |
|   LUT as Memory         |    0 |     0 |     46200 |  0.00 |
| Slice Registers         |  924 |     0 |    269200 |  0.34 |
|   Register as Flip Flop |  924 |     0 |    269200 |  0.34 |
|   Register as Latch     |    0 |     0 |    269200 |  0.00 |
| F7 Muxes                |    4 |     0 |     67300 | <0.01 |
| F8 Muxes                |    1 |     0 |     33650 | <0.01 |
+-------------------------+------+-------+-----------+-------+
* Warning! The Final LUT count, after physical optimizations and full implementation, is typically lower. Run opt_design after synthesis, if not already completed, for a more realistic count.


1.1 Summary of Registers by Type
--------------------------------

+-------+--------------+-------------+--------------+
| Total | Clock Enable | Synchronous | Asynchronous |
+-------+--------------+-------------+--------------+
| 0     |            _ |           - |            - |
| 0     |            _ |           - |          Set |
| 0     |            _ |           - |        Reset |
| 0     |            _ |         Set |            - |
| 0     |            _ |       Reset |            - |
| 0     |          Yes |           - |            - |
| 62    |          Yes |           - |          Set |
| 218   |          Yes |           - |        Reset |
| 80    |          Yes |         Set |            - |
| 564   |          Yes |       Reset |            - |
+-------+--------------+-------------+--------------+


2. Memory
---------

+-------------------+------+-------+-----------+-------+
|     Site Type     | Used | Fixed | Available | Util% |
+-------------------+------+-------+-----------+-------+
| Block RAM Tile    |    4 |     0 |       365 |  1.10 |
|   RAMB36/FIFO*    |    4 |     0 |       365 |  1.10 |
|     RAMB36E1 only |    4 |       |           |       |
|   RAMB18          |    0 |     0 |       730 |  0.00 |
+-------------------+------+-------+-----------+-------+
* Note: Each Block RAM Tile only has one FIFO logic available and therefore can accommodate only one FIFO36E1 or one FIFO18E1. However, if a FIFO18E1 occupies a Block RAM Tile, that tile can still accommodate a RAMB18E1


3. DSP
------

+----------------+------+-------+-----------+-------+
|    Site Type   | Used | Fixed | Available | Util% |
+----------------+------+-------+-----------+-------+
| DSPs           |    3 |     0 |       740 |  0.41 |
|   DSP48E1 only |    3 |       |           |       |
+----------------+------+-------+-----------+-------+


4. IO and GT Specific
---------------------

+-----------------------------+------+-------+-----------+-------+
|          Site Type          | Used | Fixed | Available | Util% |
+-----------------------------+------+-------+-----------+-------+
| Bonded IOB                  |   10 |     0 |       400 |  2.50 |
| Bonded IPADs                |    0 |     0 |        26 |  0.00 |
| Bonded OPADs                |    0 |     0 |        16 |  0.00 |
| PHY_CONTROL                 |    0 |     0 |        10 |  0.00 |
| PHASER_REF                  |    0 |     0 |        10 |  0.00 |
| OUT_FIFO                    |    0 |     0 |        40 |  0.00 |
| IN_FIFO                     |    0 |     0 |        40 |  0.00 |
| IDELAYCTRL                  |    0 |     0 |        10 |  0.00 |
| IBUFDS                      |    0 |     0 |       384 |  0.00 |
| GTPE2_CHANNEL               |    0 |     0 |         8 |  0.00 |
| PHASER_OUT/PHASER_OUT_PHY   |    0 |     0 |        40 |  0.00 |
| PHASER_IN/PHASER_IN_PHY     |    0 |     0 |        40 |  0.00 |
| IDELAYE2/IDELAYE2_FINEDELAY |    0 |     0 |       500 |  0.00 |
| IBUFDS_GTE2                 |    0 |     0 |         4 |  0.00 |
| ILOGIC                      |    0 |     0 |       400 |  0.00 |
| OLOGIC                      |    0 |     0 |       400 |  0.00 |
+-----------------------------+------+-------+-----------+-------+


5. Clocking
-----------

+------------+------+-------+-----------+-------+
|  Site Type | Used | Fixed | Available | Util% |
+------------+------+-------+-----------+-------+
| BUFGCTRL   |    2 |     0 |        32 |  6.25 |
| BUFIO      |    0 |     0 |        40 |  0.00 |
| MMCME2_ADV |    0 |     0 |        10 |  0.00 |
| PLLE2_ADV  |    0 |     0 |        10 |  0.00 |
| BUFMRCE    |    0 |     0 |        20 |  0.00 |
| BUFHCE     |    0 |     0 |       120 |  0.00 |
| BUFR       |    0 |     0 |        40 |  0.00 |
+------------+------+-------+-----------+-------+


6. Specific Feature
-------------------

+-------------+------+-------+-----------+-------+
|  Site Type  | Used | Fixed | Available | Util% |
+-------------+------+-------+-----------+-------+
| BSCANE2     |    0 |     0 |         4 |  0.00 |
| CAPTUREE2   |    0 |     0 |         1 |  0.00 |
| DNA_PORT    |    0 |     0 |         1 |  0.00 |
| EFUSE_USR   |    0 |     0 |         1 |  0.00 |
| FRAME_ECCE2 |    0 |     0 |         1 |  0.00 |
| ICAPE2      |    0 |     0 |         2 |  0.00 |
| PCIE_2_1    |    0 |     0 |         1 |  0.00 |
| STARTUPE2   |    0 |     0 |         1 |  0.00 |
| XADC        |    0 |     0 |         1 |  0.00 |
+-------------+------+-------+-----------+-------+


7. Primitives
-------------

+----------+------+---------------------+
| Ref Name | Used | Functional Category |
+----------+------+---------------------+
| LUT6     | 1781 |                 LUT |
| FDRE     |  564 |        Flop & Latch |
| LUT5     |  549 |                 LUT |
| LUT4     |  282 |                 LUT |
| LUT2     |  275 |                 LUT |
| FDCE     |  218 |        Flop & Latch |
| LUT3     |  217 |                 LUT |
| FDSE     |   80 |        Flop & Latch |
| FDPE     |   62 |        Flop & Latch |
| CARRY4   |   44 |          CarryLogic |
| LUT1     |   32 |                 LUT |
| OBUF     |    7 |                  IO |
| RAMB36E1 |    4 |        Block Memory |
| MUXF7    |    4 |               MuxFx |
| DSP48E1  |    3 |    Block Arithmetic |
| IBUF     |    2 |                  IO |
| BUFG     |    2 |               Clock |
| OBUFT    |    1 |                  IO |
| MUXF8    |    1 |               MuxFx |
+----------+------+---------------------+


8. Black Boxes
--------------

+----------+------+
| Ref Name | Used |
+----------+------+


9. Instantiated Netlists
------------------------

+----------+------+
| Ref Name | Used |
+----------+------+


